2026-09-11 23:03:58,743 INFO o.a.j.u.JMeterUtils: Setting Locale to en_EN
2026-09-11 23:03:58,757 INFO o.a.j.JMeter: Loading user properties from: D:\apache-jmeter-5.6.3\bin\user.properties
2026-09-11 23:03:58,757 INFO o.a.j.JMeter: Loading system properties from: D:\apache-jmeter-5.6.3\bin\system.properties
2026-09-11 23:03:58,757 INFO o.a.j.JMeter: Setting JMeter property: sample_variables=instancia
2026-09-11 23:03:58,763 INFO o.a.j.JMeter: Copyright (c) 1998-2024 The Apache Software Foundation
2026-09-11 23:03:58,763 INFO o.a.j.JMeter: Version 5.6.3
2026-09-11 23:03:58,763 INFO o.a.j.JMeter: java.version=17.0.17
2026-09-11 23:03:58,763 INFO o.a.j.JMeter: java.vm.name=OpenJDK 64-Bit Server VM
2026-09-11 23:03:58,763 INFO o.a.j.JMeter: os.name=Windows 11
2026-09-11 23:03:58,763 INFO o.a.j.JMeter: os.arch=amd64
2026-09-11 23:03:58,763 INFO o.a.j.JMeter: os.version=10.0
2026-09-11 23:03:58,763 INFO o.a.j.JMeter: file.encoding=Cp1252
2026-09-11 23:03:58,763 INFO o.a.j.JMeter: java.awt.headless=true
2026-09-11 23:03:58,763 INFO o.a.j.JMeter: Max memory     =1073741824
2026-09-11 23:03:58,763 INFO o.a.j.JMeter: Available Processors =16
2026-09-11 23:03:58,768 INFO o.a.j.JMeter: Default Locale=English (EN)
2026-09-11 23:03:58,768 INFO o.a.j.JMeter: JMeter  Locale=English (EN)
2026-09-11 23:03:58,768 INFO o.a.j.JMeter: JMeterHome=D:\apache-jmeter-5.6.3
2026-09-11 23:03:58,768 INFO o.a.j.JMeter: user.dir  =C:\Users\necar\Documents\MISO\Semestre 5\Proyecto 1\solventa\experimento_1
2026-09-11 23:03:58,769 INFO o.a.j.JMeter: PWD       =C:\Users\necar\Documents\MISO\Semestre 5\Proyecto 1\solventa\experimento_1
2026-09-11 23:03:58,770 INFO o.a.j.JMeter: IP: 192.168.1.52 Name: DESKTOP-8FB31QT FullName: host.docker.internal
2026-09-11 23:03:58,778 INFO o.a.j.s.FileServer: Default base='C:\Users\necar\Documents\MISO\Semestre 5\Proyecto 1\solventa\experimento_1'
2026-09-11 23:03:58,780 INFO o.a.j.s.FileServer: Set new base='C:\Users\necar\Documents\MISO\Semestre 5\Proyecto 1\solventa\experimento_1\jmeter'
2026-09-11 23:03:58,895 INFO o.a.j.s.SaveService: Testplan (JMX) version: 2.2. Testlog (JTL) version: 2.2
2026-09-11 23:03:58,909 INFO o.a.j.s.SaveService: Using SaveService properties version 5.0
2026-09-11 23:03:58,911 INFO o.a.j.s.SaveService: Using SaveService properties file encoding UTF-8
2026-09-11 23:03:58,913 INFO o.a.j.s.SaveService: Loading file: jmeter\cotizaciones.jmx
2026-09-11 23:03:58,944 INFO o.a.j.p.h.s.HTTPSamplerBase: Parser for text/html is org.apache.jmeter.protocol.http.parser.LagartoBasedHtmlParser
2026-09-11 23:03:58,944 INFO o.a.j.p.h.s.HTTPSamplerBase: Parser for application/xhtml+xml is org.apache.jmeter.protocol.http.parser.LagartoBasedHtmlParser
2026-09-11 23:03:58,944 INFO o.a.j.p.h.s.HTTPSamplerBase: Parser for application/xml is org.apache.jmeter.protocol.http.parser.LagartoBasedHtmlParser
2026-09-11 23:03:58,944 INFO o.a.j.p.h.s.HTTPSamplerBase: Parser for text/xml is org.apache.jmeter.protocol.http.parser.LagartoBasedHtmlParser
2026-09-11 23:03:58,944 INFO o.a.j.p.h.s.HTTPSamplerBase: Parser for text/vnd.wap.wml is org.apache.jmeter.protocol.http.parser.RegexpHTMLParser
2026-09-11 23:03:58,944 INFO o.a.j.p.h.s.HTTPSamplerBase: Parser for text/css is org.apache.jmeter.protocol.http.parser.CssParser
2026-09-11 23:03:58,969 INFO o.a.j.JMeter: Creating summariser <summary>
2026-09-11 23:03:58,975 INFO o.a.j.e.StandardJMeterEngine: Running the test!
2026-09-11 23:03:58,975 INFO o.a.j.s.SampleEvent: List of sample_variables: [instancia]
2026-09-11 23:03:58,976 INFO o.a.j.s.SampleEvent: List of sample_variables: [instancia]
2026-09-11 23:03:58,978 INFO o.a.j.e.u.CompoundVariable: Note: Function class names must contain the string: '.functions.'
2026-09-11 23:03:58,978 INFO o.a.j.e.u.CompoundVariable: Note: Function class names must not contain the string: '.gui.'
2026-09-11 23:03:59,115 INFO o.a.j.JMeter: Running test (1789185839115)
2026-09-11 23:03:59,124 INFO o.a.j.e.StandardJMeterEngine: Starting ThreadGroup: 1 : Carga constante
2026-09-11 23:03:59,124 INFO o.a.j.e.StandardJMeterEngine: Starting 5 threads for group Carga constante.
2026-09-11 23:03:59,124 INFO o.a.j.e.StandardJMeterEngine: Thread will continue on error
2026-09-11 23:03:59,124 INFO o.a.j.t.ThreadGroup: Starting thread group... number=1 threads=5 ramp-up=5 delayedStart=false
2026-09-11 23:03:59,129 INFO o.a.j.t.ThreadGroup: Started thread group number 1
2026-09-11 23:03:59,129 INFO o.a.j.e.StandardJMeterEngine: All thread groups have been started
2026-09-11 23:03:59,129 INFO o.a.j.t.JMeterThread: Thread started: Carga constante 1-1
2026-09-11 23:03:59,540 INFO o.a.j.p.h.s.HTTPHCAbstractImpl: Local host = DESKTOP-8FB31QT
2026-09-11 23:03:59,544 INFO o.a.j.p.h.s.HTTPHC4Impl: HTTP request retry count = 0
2026-09-11 23:03:59,545 INFO o.a.j.s.SampleResult: Note: Sample TimeStamps are START times
2026-09-11 23:03:59,545 INFO o.a.j.s.SampleResult: sampleresult.default.encoding is set to UTF-8
2026-09-11 23:03:59,545 INFO o.a.j.s.SampleResult: sampleresult.useNanoTime=true
2026-09-11 23:03:59,545 INFO o.a.j.s.SampleResult: sampleresult.nanoThreadSleep=5000
2026-09-11 23:04:00,127 INFO o.a.j.t.JMeterThread: Thread started: Carga constante 1-2
2026-09-11 23:04:00,375 INFO o.a.j.r.Summariser: summary +      2 in 00:00:01 =    1.6/s Avg:    16 Min:     4 Max:    28 Err:     0 (0.00%) Active: 2 Started: 2 Finished: 0
2026-09-11 23:04:01,127 INFO o.a.j.t.JMeterThread: Thread started: Carga constante 1-3
2026-09-11 23:04:02,125 INFO o.a.j.t.JMeterThread: Thread started: Carga constante 1-4
2026-09-11 23:04:03,125 INFO o.a.j.t.JMeterThread: Thread started: Carga constante 1-5
2026-09-11 23:04:30,076 INFO o.a.j.r.Summariser: summary +    344 in 00:00:30 =   11.6/s Avg:     3 Min:     2 Max:     7 Err:     0 (0.00%) Active: 5 Started: 5 Finished: 0
2026-09-11 23:04:30,076 INFO o.a.j.r.Summariser: summary =    346 in 00:00:31 =   11.2/s Avg:     3 Min:     2 Max:    28 Err:     0 (0.00%)
2026-09-11 23:05:00,075 INFO o.a.j.r.Summariser: summary +    363 in 00:00:30 =   12.1/s Avg:     3 Min:     2 Max:     7 Err:     0 (0.00%) Active: 5 Started: 5 Finished: 0
2026-09-11 23:05:00,075 INFO o.a.j.r.Summariser: summary =    709 in 00:01:01 =   11.6/s Avg:     3 Min:     2 Max:    28 Err:     0 (0.00%)
2026-09-11 23:05:30,115 INFO o.a.j.r.Summariser: summary +    362 in 00:00:30 =   12.1/s Avg:     3 Min:     2 Max:    12 Err:     0 (0.00%) Active: 5 Started: 5 Finished: 0
2026-09-11 23:05:30,115 INFO o.a.j.r.Summariser: summary =   1071 in 00:01:31 =   11.8/s Avg:     3 Min:     2 Max:    28 Err:     0 (0.00%)
2026-09-11 23:06:00,064 INFO o.a.j.r.Summariser: summary +    361 in 00:00:30 =   12.1/s Avg:     4 Min:     3 Max:     6 Err:     0 (0.00%) Active: 5 Started: 5 Finished: 0
2026-09-11 23:06:00,065 INFO o.a.j.r.Summariser: summary =   1432 in 00:02:01 =   11.8/s Avg:     3 Min:     2 Max:    28 Err:     0 (0.00%)
2026-09-11 23:06:28,677 INFO o.a.j.t.JMeterThread: Thread is done: Carga constante 1-1
2026-09-11 23:06:28,677 INFO o.a.j.t.JMeterThread: Thread finished: Carga constante 1-1
2026-09-11 23:06:29,262 INFO o.a.j.t.JMeterThread: Thread is done: Carga constante 1-2
2026-09-11 23:06:29,262 INFO o.a.j.t.JMeterThread: Thread finished: Carga constante 1-2
2026-09-11 23:06:30,054 INFO o.a.j.r.Summariser: summary +    358 in 00:00:30 =   11.9/s Avg:     4 Min:     2 Max:     6 Err:     0 (0.00%) Active: 3 Started: 5 Finished: 2
2026-09-11 23:06:30,054 INFO o.a.j.r.Summariser: summary =   1790 in 00:02:31 =   11.9/s Avg:     3 Min:     2 Max:    28 Err:     0 (0.00%)
2026-09-11 23:06:30,331 INFO o.a.j.t.JMeterThread: Thread is done: Carga constante 1-3
2026-09-11 23:06:30,331 INFO o.a.j.t.JMeterThread: Thread finished: Carga constante 1-3
2026-09-11 23:06:31,313 INFO o.a.j.t.JMeterThread: Thread is done: Carga constante 1-4
2026-09-11 23:06:31,313 INFO o.a.j.t.JMeterThread: Thread finished: Carga constante 1-4
2026-09-11 23:06:32,105 INFO o.a.j.t.JMeterThread: Thread is done: Carga constante 1-5
2026-09-11 23:06:32,105 INFO o.a.j.t.JMeterThread: Thread finished: Carga constante 1-5
2026-09-11 23:06:32,105 INFO o.a.j.e.StandardJMeterEngine: Notifying test listeners of end of test
2026-09-11 23:06:32,108 INFO o.a.j.r.Summariser: summary +     10 in 00:00:02 =    4.9/s Avg:     3 Min:     2 Max:     4 Err:     0 (0.00%) Active: 0 Started: 5 Finished: 5
2026-09-11 23:06:32,108 INFO o.a.j.r.Summariser: summary =   1800 in 00:02:33 =   11.8/s Avg:     3 Min:     2 Max:    28 Err:     0 (0.00%)
